// Jest Snapshot v1, https://goo.gl/fbAQLP

exports[`renders correctly 1`] = `
<button
  onClick={[Function]}
  style={
    Object {
      "display": "block",
      "marginBottom": "1rem",
    }
  }
>
  Count: 
  0
</button>
`;
