// Jest Snapshot v1, https://goo.gl/fbAQLP

exports[`renders correctly 1`] = `
<div
  style={
    Object {
      "marginBottom": "1rem",
    }
  }
>
  Hi, I am a 
  red
   Car! ðŸš™
</div>
`;
